// Jest Snapshot v1, https://goo.gl/fbAQLP

exports[`Home renders correctly 1`] = `
<div
  data-radium={true}
  style={
    Object {
      "display": "flex",
      "flexDirection": "column",
      "height": "100vh",
    }
  }
>
  <AppBar
    showMenuIconButton={true}
    title="Autocomplete"
    zDepth={1}
  />
  <div
    data-radium={true}
    style={
      Object {
        "AlignItems": "center",
        "JustifyContent": "center",
        "WebkitAlignItems": "center",
        "WebkitFlexDirection": "column",
        "WebkitJustifyContent": "center",
        "display": "flex",
        "flex": "auto",
        "flexDirection": "column",
        "paddingBottom": "10%",
      }
    }
  >
    <h1
      data-radium={true}
      style={
        Object {
          "color": "rgba(0,0,0,0.87)",
          "fontSize": "140%",
          "marginBottom": 24,
        }
      }
    >
      Editor
    </h1>
    <Connect(AutocompleteEditor) />
  </div>
</div>
`;
